2026-08-27 19:03:41,658 INFO Set uid to user 0 succeeded
2026-08-27 19:03:41,663 INFO supervisord started with pid 1
2026-08-27 19:03:42,667 INFO spawned: 'nginx' with pid 7
2026-08-27 19:03:42,669 INFO spawned: 'php-fpm' with pid 8
2026-08-27 19:03:43,746 INFO success: nginx entered RUNNING state, process has stayed up for > than 1 seconds (startsecs)
2026-08-27 19:03:43,746 INFO success: php-fpm entered RUNNING state, process has stayed up for > than 1 seconds (startsecs)
2026-08-27 19:04:04,346 INFO Set uid to user 0 succeeded
2026-08-27 19:04:04,349 INFO supervisord started with pid 1
2026-08-27 19:04:05,352 INFO spawned: 'nginx' with pid 7
2026-08-27 19:04:05,353 INFO spawned: 'php-fpm' with pid 8
2026-08-27 19:04:06,390 INFO success: nginx entered RUNNING state, process has stayed up for > than 1 seconds (startsecs)
2026-08-27 19:04:06,390 INFO success: php-fpm entered RUNNING state, process has stayed up for > than 1 seconds (startsecs)
2026-08-27 19:04:13,779 WARN received SIGQUIT indicating exit request
2026-08-27 19:04:13,779 INFO waiting for nginx, php-fpm to die
2026-08-27 19:04:13,783 INFO stopped: php-fpm (exit status 0)
2026-08-27 19:04:13,876 INFO stopped: nginx (exit status 0)
2026-08-27 19:04:14,527 INFO Set uid to user 0 succeeded
2026-08-27 19:04:14,530 INFO supervisord started with pid 1
2026-08-27 19:04:15,532 INFO spawned: 'nginx' with pid 7
2026-08-27 19:04:15,534 INFO spawned: 'php-fpm' with pid 8
2026-08-27 19:04:16,570 INFO success: nginx entered RUNNING state, process has stayed up for > than 1 seconds (startsecs)
2026-08-27 19:04:16,570 INFO success: php-fpm entered RUNNING state, process has stayed up for > than 1 seconds (startsecs)
2026-08-27 19:04:43,916 WARN received SIGQUIT indicating exit request
2026-08-27 19:04:43,917 INFO waiting for nginx, php-fpm to die
2026-08-27 19:04:43,921 INFO stopped: php-fpm (exit status 0)
2026-08-27 19:04:44,026 INFO stopped: nginx (exit status 0)
